[A, F, 380456.0000, 532348211.6500, 505822441.4861, 526165934.0008, 25.5752, 35785.7093, 0.0501, 14876]
[N, F, 8971.0000, 12384801.3700, 11798257.2080, 12282485.0569, 25.7787, 35588.5097, 0.0478, 348]
[N, O, 727118.0000, 1019445855.2100, 968824157.2538, 1007655876.0956, 25.4531, 35686.1363, 0.0499, 28567]
[R, F, 381449.0000, 534594445.3500, 507996454.4067, 528524219.3589, 25.5972, 35874.0065, 0.0498, 14902]
