[8564.1200, Supplier#000000033, GERMANY, 251, Manufacturer#1, gfeKpYw3400L0SDywXA6Ya1Qmq1w6YB9f3R, 17-138-897-9374, n sauternes along the regular asymptotes are regularly along the ]
[9198.3100, Supplier#000000025, RUSSIA, 1881, Manufacturer#5, RCQKONXMFnrodzz6w7fObFVV6CUm2q, 32-431-945-3541, ely regular deposits. carefully regular sauternes engage furiously above the regular accounts. idly ]