[FRANCE, 222505.2297]
[GERMANY, 397749.4499]
[ROMANIA, 753364.6631]
[RUSSIA, 370882.6169]
[UNITED KINGDOM, 413469.2654]