[0, 500]
[1, 1]
[10, 64]
[11, 68]
[12, 62]
[13, 52]
[14, 54]
[15, 45]
[16, 46]
[17, 41]
[18, 38]
[19, 44]
[2, 1]
[20, 48]
[21, 47]
[22, 33]
[23, 27]
[24, 30]
[25, 21]
[26, 15]
[27, 17]
[28, 6]
[29, 5]
[3, 2]
[30, 2]
[31, 1]
[32, 5]
[4, 6]
[5, 14]
[6, 33]
[7, 49]
[8, 61]
[9, 62]