[56, Supplier#000000056, fUVtlUVal GiHBOuYoUQ XQ9NfNLQR3Gl, 26-471-195-5486, 1244231.8707]