[Customer#000000178, 178, 6882, 1997-04-09, 422359.6500, 303.0000]
[Customer#000000667, 667, 29158, 1995-10-21, 439687.2300, 305.0000]