[Supplier#000000006, tQxuVm7s7CnK]
[Supplier#000000047, 3XM1x,Pcxqw,HK4XNlgbnZMbLhBHLA]
[Supplier#000000048, jg0U FNPMQDuyuKvTnLXXaLf3Wl6OtONA6mQlWJ]
[Supplier#000000076, JBhSBa3cLYvNgHUYtUHmtECCD]
[Supplier#000000079, p0u3tztSXUD2J8vFfLNFNKsrRRv7qyUtTBTA]
[Supplier#000000083, WRJUkzCn050seVz57oAfrbCuw]