[11, 11, 82845.3400]
[16, 3, 19763.0800]
[20, 10, 76340.1700]
[21, 10, 78261.7600]
[24, 9, 69833.9900]
[31, 8, 66313.1600]
[34, 9, 76165.9500]